// Jest Snapshot v1, https://goo.gl/fbAQLP

exports[`Logo Should render correctly the main app logo 1`] = `
<div
  className="logo"
>
  <div
    className="logo__top-box"
  />
  <div
    className="logo__bottom-box"
  />
  <IconMock
    className="logo__icon"
  />
</div>
`;
